// Jest Snapshot v1, https://goo.gl/fbAQLP

exports[`Root renders without crashing 1`] = `
<View
  style={
    [
      {
        "flex": 1,
      },
      {
        "backgroundColor": "#FFFBFE",
      },
    ]
  }
>
  Appbar.Header: [object Object],[object Object],false,[object Object]
  SegmentedButtons: Extensions, Build Info, Server Info
  <RCTScrollView
    style={
      {
        "flex": 1,
      }
    }
  >
    <View>
      <View
        style={
          {
            "padding": 10,
          }
        }
      >
        <RCTScrollView
          accessibilityLabel="Extensions"
          style={
            {
              "backgroundColor": "#FFFBFE",
              "flexGrow": 0,
              "flexShrink": 1,
              "minWidth": 0,
              "padding": 10,
            }
          }
        >
          <View />
        </RCTScrollView>
      </View>
    </View>
  </RCTScrollView>
</View>
`;
